../Core/Src/main.c:138:1:__io_putchar	16	static
../Core/Src/main.c:145:6:clark_park	32	static
../Core/Src/main.c:194:7:FastSin	16	static
../Core/Src/main.c:199:7:FastCos	16	static
../Core/Src/main.c:204:6:HAL_ADC_ConvCpltCallback	16	static
../Core/Src/main.c:263:6:update_encoder	16	static
../Core/Src/main.c:283:6:delay_us	16	static
../Core/Src/main.c:289:6:drive	24	static
../Core/Src/main.c:399:6:execute_phase	16	static
../Core/Src/main.c:478:5:main	8	static
../Core/Src/main.c:587:6:SystemClock_Config	88	static
../Core/Src/main.c:635:13:MX_ADC1_Init	24	static
../Core/Src/main.c:687:13:MX_ADC2_Init	24	static
../Core/Src/main.c:739:13:MX_ADC3_Init	24	static
../Core/Src/main.c:791:13:MX_TIM1_Init	32	static
../Core/Src/main.c:837:13:MX_TIM2_Init	56	static
../Core/Src/main.c:886:13:MX_TIM3_Init	64	static
../Core/Src/main.c:953:13:MX_TIM4_Init	64	static
../Core/Src/main.c:1020:13:MX_TIM12_Init	24	static
../Core/Src/main.c:1058:13:MX_USART2_UART_Init	8	static
../Core/Src/main.c:1089:13:MX_DMA_Init	16	static
../Core/Src/main.c:1113:13:MX_GPIO_Init	48	static
../Core/Src/main.c:1159:6:Error_Handler	4	static,ignoring_inline_asm
