../Core/Src/main.c:142:1:__io_putchar	16	static
../Core/Src/main.c:149:6:clark_park	72	static
../Core/Src/main.c:198:7:FastSin	16	static
../Core/Src/main.c:203:7:FastCos	16	static
../Core/Src/main.c:208:6:HAL_ADC_ConvCpltCallback	16	static
../Core/Src/main.c:267:6:update_encoder	4	static
../Core/Src/main.c:276:6:calculation	24	static
../Core/Src/main.c:303:6:delay_us	16	static
../Core/Src/main.c:309:6:drive	16	static
../Core/Src/main.c:416:6:execute_phase	16	static
../Core/Src/main.c:495:5:main	8	static
../Core/Src/main.c:597:6:SystemClock_Config	88	static
../Core/Src/main.c:645:13:MX_ADC1_Init	24	static
../Core/Src/main.c:697:13:MX_ADC2_Init	24	static
../Core/Src/main.c:749:13:MX_ADC3_Init	24	static
../Core/Src/main.c:801:13:MX_TIM1_Init	32	static
../Core/Src/main.c:847:13:MX_TIM2_Init	56	static
../Core/Src/main.c:896:13:MX_TIM3_Init	64	static
../Core/Src/main.c:963:13:MX_TIM4_Init	64	static
../Core/Src/main.c:1030:13:MX_TIM12_Init	24	static
../Core/Src/main.c:1068:13:MX_USART2_UART_Init	8	static
../Core/Src/main.c:1099:13:MX_DMA_Init	16	static
../Core/Src/main.c:1123:13:MX_GPIO_Init	48	static
../Core/Src/main.c:1169:6:Error_Handler	4	static,ignoring_inline_asm
